// Jest Snapshot v1, https://goo.gl/fbAQLP

exports[`<LoginForm /> should render the <LoginForm /> component 1`] = `
<DocumentFragment>
  <form
    class="card align-middle rounded-lg mt-52 container md:p-24 bg-white"
    name="login-form"
  >
    <div
      class="mx-auto"
    >
      <p
        class="pb-6 -mt-2 text-xl text-center"
      >
        Sign In
      </p>
    </div>
    <div
      class="login-form"
    >
      <input
        class="shadow-sm appearance-none focus:border-white border border-gray-100 rounded w-full py-2 mt-2 input"
        name="username"
        placeholder="username"
        type="text"
      />
      <input
        class="shadow-sm appearance-none focus:border-white border border-gray-100 rounded w-full py-2 mt-2 input"
        name="password"
        placeholder="password"
        type="password"
      />
      <input
        class="focus: shadow-sm w-full mt-6 btn bg-green-600 rounded text-white p-2"
        type="submit"
        value="Sign in"
      />
    </div>
  </form>
</DocumentFragment>
`;
